2026-08-11 16:40:24.586 | INFO    |__main__:<module>:118 - [RPA 1] robô: rpa1_captura
2026-08-11 16:40:24.587 | INFO    |__main__:<module>:118 - [RPA 1] modo: DEV  (de ENV)
2026-08-11 16:40:24.587 | INFO    |__main__:<module>:118 - [RPA 1] log: nível INFO (de LOG_LEVEL), diagnose ligado
2026-08-11 16:40:24.588 | INFO    |__main__:<module>:118 - [RPA 1] competência: 202603  (forçada por COMPETENCIA)
2026-08-11 16:40:24.588 | INFO    |__main__:<module>:118 - [RPA 1] banco: SQLite [C:\RPA\Dtraf\MVP2\MVP2\DETRAF-UNIFICADO\unificado\arquivos\_SMOKE_RPA1\banco.db] (de CAMINHO_SQLITE)
2026-08-11 16:40:24.588 | INFO    |__main__:<module>:118 - [RPA 1] AGI: ambiente [producao] host [10.238.6.120] (de AGI_AMBIENTE) | executável [C:\RPA\Dtraf\MVP2\MVP2\DETRAF-UNIFICADO\unificado\aplicacao_agi\Portal AIR\portal_air_vivo.exe]
2026-08-11 16:40:24.588 | INFO    |__main__:<module>:118 - [RPA 1] EFEITOS EXTERNOS -> e-mail: desligado | upload AGI: desligado | acesso AGI: desligado | e-mail à operadora (RPA 1): desligado | download SFTP: desligado
2026-08-11 16:40:24.588 | INFO    |__main__:<module>:118 - [RPA 1] parâmetros: referência forçada: 202603; apenas a etapa: processamento; lendo da pasta: C:\RPA\Dtraf\MVP2\MVP2\DETRAF-UNIFICADO\unificado\arquivos\_SMOKE_RPA1\Entrada; DRY-RUN: todos os efeitos externos desligados
2026-08-11 16:40:25.884 | INFO    |comum.dados.repositorio_cache:__init__:77 - Inicializando conexão com o banco no ambiente [dev]
2026-08-11 16:40:25.884 | INFO    |comum.dados.repositorio_cache:__init__:77 - Utilizando SQLite local [C:\RPA\Dtraf\MVP2\MVP2\DETRAF-UNIFICADO\unificado\arquivos\_SMOKE_RPA1\banco.db]
2026-08-11 16:40:26.329 | INFO    |__main__:main:94 - Aplicação iniciada
2026-08-11 16:40:26.330 | INFO    |src.main.process_handle:run:34 - [RPA 1] Captura PULADA. Os arquivos serão lidos de DIRETORIO_ENTRADA, e o remetente de cada um vem do rastreamento gravado pela captura anterior.
2026-08-11 16:40:26.330 | INFO    |src.main.process_handle:run:34 - [RPA 1] Etapa 2/2 — identificação da operadora e salvamento (HU-02/HU-03)
2026-08-11 16:40:26.330 | INFO    |src.controllers.processamento_controller:processar:155 - Iniciando fluxo de processamento
2026-08-11 16:40:26.330 | INFO    |src.controllers.processamento_controller:processar:155 - Competência: 202603 | Ano: 2026
2026-08-11 16:40:26.332 | INFO    |src.services.processamento_service:executar:140 - [RPA 1] 1 arquivo(s) em [C:\RPA\Dtraf\MVP2\MVP2\DETRAF-UNIFICADO\unificado\arquivos\_SMOKE_RPA1\Entrada] (busca recursiva); 0 com remetente recuperado do rastreamento.
2026-08-11 16:40:26.332 | WARNING |src.services.processamento_service:executar:140 - [RPA 1] Nenhum arquivo tem rastreamento: a identificação vai depender só da EOT credora dentro do arquivo, sem o fallback por domínio do remetente. É o esperado numa pasta preparada à mão; se veio de uma captura, confira RASTREAMENTO_ARQUIVO_PATH.
2026-08-11 16:40:26.333 | INFO    |src.controllers.processamento_controller:processar:155 - Total de arquivos a processar: 1
2026-08-11 16:40:26.341 | INFO    |comum.dados.repositorio_cache:obter_tabela:214 - Carregando tabela [tbl_anexo5_processado]
2026-08-11 16:40:26.362 | INFO    |comum.dados.repositorio_cache:obter_tabela:214 - Tabela [tbl_anexo5_processado] carregada | Linhas: 2656 | Colunas: 18
2026-08-11 16:40:26.386 | INFO    |comum.dados.repositorio_cache:obter_tabela:214 - Carregando tabela [tbl_detraf_tarifas]
2026-08-11 16:40:26.390 | INFO    |comum.dados.repositorio_cache:obter_tabela:214 - Tabela [tbl_detraf_tarifas] carregada | Linhas: 110 | Colunas: 21
2026-08-11 16:40:26.407 | INFO    |src.services.processamento_service:_validar:482 - Resultado das validações para o arquivo do tipo 'detraf': {'v_col1_2': True, 'v_col2_vivo': True, 'v_col3': True, 'v_col4': True, 'v_col8': True, 'v_col9': True, 'v_col10': True, 'v_col11': True, 'v_col12_15': True, 'v_tarifas_remuneradas': True}
2026-08-11 16:40:26.414 | WARNING |src.services.processamento_service:_processar_arquivo:297 - Estrutura do mês anterior não encontrada em 'C:\RPA\Dtraf\MVP2\MVP2\DETRAF-UNIFICADO\unificado\arquivos\_SMOKE_RPA1\Operadoras\Algar\2026\202602' — criando 'C:\RPA\Dtraf\MVP2\MVP2\DETRAF-UNIFICADO\unificado\arquivos\_SMOKE_RPA1\Operadoras\Algar\2026\202603' vazio.
2026-08-11 16:40:26.416 | INFO    |src.services.processamento_service:executar:145 - Processado com sucesso: VALIDO_smoke.csv (operadora identificada via 'eot')
2026-08-11 16:40:26.416 | INFO    |src.services.processamento_service:executar:153 - Resumo — Sucesso: 1 | Reprovados: 0 | Não identificados: 0 | Erros: 0
2026-08-11 16:40:26.417 | INFO    |src.controllers.processamento_controller:processar:158 - [RPA 1 — etapa 2/2: identificação e salvamento] Arquivos salvos:          1
2026-08-11 16:40:26.417 | INFO    |src.controllers.processamento_controller:processar:158 - [RPA 1 — etapa 2/2: identificação e salvamento] Reprovados na validação:  0
2026-08-11 16:40:26.417 | INFO    |src.controllers.processamento_controller:processar:158 - [RPA 1 — etapa 2/2: identificação e salvamento] Não identificados:        0
2026-08-11 16:40:26.417 | INFO    |src.controllers.processamento_controller:processar:158 - [RPA 1 — etapa 2/2: identificação e salvamento] Com erro:                 0
2026-08-11 16:40:26.417 | INFO    |src.controllers.processamento_controller:processar:158 - [RPA 1 — etapa 2/2: identificação e salvamento] Pasta: C:\RPA\Dtraf\MVP2\MVP2\DETRAF-UNIFICADO\unificado\arquivos\_SMOKE_RPA1\Operadoras
2026-08-11 16:40:26.417 | INFO    |src.controllers.processamento_controller:processar:158 - [RPA 1 — etapa 2/2: identificação e salvamento] ────────────────────────────────────────────────────────────
2026-08-11 16:40:26.418 | INFO    |src.controllers.processamento_controller:processar:158 - [RPA 1 — etapa 2/2: identificação e salvamento] Esta é a última etapa da execução.
2026-08-11 16:40:26.418 | INFO    |__main__:main:94 - Aplicação finalizada
2026-08-11 16:40:26.420 | INFO    |__main__:main:110 - [Diagnóstico] Etapas desta execução em [C:\RPA\Dtraf\MVP2\MVP2\DETRAF-UNIFICADO\unificado\arquivos\_SMOKE_RPA1\logs\NALPE0881WP\rpa1_captura\diagnosticos\2026-08-11_16-40-24.txt].
2026-08-11 16:40:26.421 | INFO    |__main__:<module>:118 - [RPA 1] Diagnóstico das etapas em [C:\RPA\Dtraf\MVP2\MVP2\DETRAF-UNIFICADO\unificado\arquivos\_SMOKE_RPA1\logs\NALPE0881WP\rpa1_captura\diagnosticos\2026-08-11_16-40-24.txt]
