2026-08-12 11:24:35.402 | INFO    |__main__:<module>:118 - [RPA 1] robô: rpa1_captura
2026-08-12 11:24:35.403 | INFO    |__main__:<module>:118 - [RPA 1] modo: DEV  (de ENV)
2026-08-12 11:24:35.403 | INFO    |__main__:<module>:118 - [RPA 1] log: nível INFO (de LOG_LEVEL), diagnose ligado
2026-08-12 11:24:35.404 | INFO    |__main__:<module>:118 - [RPA 1] competência: 202607  (mês anterior ao corrente)
2026-08-12 11:24:35.404 | INFO    |__main__:<module>:118 - [RPA 1] banco: SQLite [C:\RPA\Dtraf\MVP2\MVP2\DETRAF-UNIFICADO\unificado\banco_de_dados\TABELAS_DETRAF_espelho.db] (de CAMINHO_SQLITE)
2026-08-12 11:24:35.405 | INFO    |__main__:<module>:118 - [RPA 1] AGI: ambiente [producao] host [10.238.6.120] (de AGI_AMBIENTE) | executável [C:\RPA\Dtraf\MVP2\MVP2\DETRAF-UNIFICADO\unificado\aplicacao_agi\Portal AIR\portal_air_vivo.exe]
2026-08-12 11:24:35.405 | INFO    |__main__:<module>:118 - [RPA 1] EFEITOS EXTERNOS -> e-mail: desligado | upload AGI: desligado | acesso AGI: desligado | e-mail à operadora (RPA 1): desligado | download SFTP: desligado
2026-08-12 11:24:35.406 | INFO    |__main__:<module>:118 - [RPA 1] parâmetros: nenhum — execução completa, como na agenda
2026-08-12 11:24:36.778 | INFO    |comum.dados.repositorio_cache:__init__:77 - Inicializando conexão com o banco no ambiente [dev]
2026-08-12 11:24:36.778 | INFO    |comum.dados.repositorio_cache:__init__:77 - Utilizando SQLite local [C:\RPA\Dtraf\MVP2\MVP2\DETRAF-UNIFICADO\unificado\banco_de_dados\TABELAS_DETRAF_espelho.db]
2026-08-12 11:24:37.550 | INFO    |__main__:main:94 - Aplicação iniciada
2026-08-12 11:24:37.551 | INFO    |src.main.process_handle:run:34 - [RPA 1] Etapa 1/2 — captura dos anexos no Outlook (HU-01)
2026-08-12 11:24:37.551 | INFO    |src.controllers.outlook_controller:capturar_arquivos:58 - Conectando ao Outlook (conta configurada: 'detrafTBRA.br@telefonica.com')...
2026-08-12 11:24:37.599 | INFO    |src.controllers.outlook_controller:capturar_arquivos:58 - Conectado ao Outlook com sucesso.
2026-08-12 11:24:37.730 | ERROR   |comum.integracoes.outlook:fetch_emails_from_folder:118 - Não foi possível acessar a conta/arquivo de dados 'detrafTBRA.br@telefonica.com' (configurado em OUTLOOK_ACCOUNT) para localizar 'Detraf Despesas'. Contas/arquivos de dados disponíveis neste perfil do Outlook: ['tbr00848.br@telefonica.com', 'detrafTBRA', 'Easy Lite B2B', 'Pastas Públicas - tbr00848.br@telefonica.com']. Verifique se OUTLOOK_ACCOUNT no .env bate exatamente com um desses nomes.
2026-08-12 11:24:37.741 | ERROR   |__main__:<module>:118 - [RPA 1] Execução interrompida por erro não tratado — ERRO na etapa 2/2 (captura)
Traceback (most recent call last):

  File "C:\RPA\Dtraf\MVP2\MVP2\DETRAF-UNIFICADO\unificado\comum\integracoes\outlook.py", line 379, in _get_or_create_top_level_folder
    parent = self._ns.Folders(self._account)
             │    │           │    └ 'detrafTBRA.br@telefonica.com'
             │    │           └ <comum.integracoes.outlook.OutlookService object at 0x000001A9E79E1A90>
             │    └ <COMObject GetNamespace>
             └ <comum.integracoes.outlook.OutlookService object at 0x000001A9E79E1A90>

  File "C:\RPA\Dtraf\MVP2\MVP2\DETRAF-UNIFICADO\unificado\.venv\Lib\site-packages\win32com\client\dynamic.py", line 214, in __call__
    self._oleobj_.Invoke(*allArgs), self._olerepr_.defaultDispatchName, None
    │    │        │       │         │    │         └ None
    │    │        │       │         │    └ <win32com.client.build.LazyDispatchItem object at 0x000001A9E79BE0D0>
    │    │        │       │         └ <COMObject <unknown>>
    │    │        │       └ (0, 0, 3, 1, 'detrafTBRA.br@telefonica.com')
    │    │        └ <method 'Invoke' of 'PyIDispatch' objects>
    │    └ <PyIDispatch at 0x000001A9CB09D400 with obj at 0x000001A9E5D867B8>
    └ <COMObject <unknown>>

pywintypes.com_error: (-2147352567, 'Exceção.', (4096, 'Microsoft Outlook', 'Falha na operação tentada. Objeto não encontrado.', None, 0, -2147221233), None)


The above exception was the direct cause of the following exception:


Traceback (most recent call last):

  File "C:\RPA\Dtraf\MVP2\MVP2\DETRAF-UNIFICADO\unificado\rpa1_captura\main.py", line 118, in <module>
    raise SystemExit(main())
                     └ <function main at 0x000001A9CB6614E0>

> File "C:\RPA\Dtraf\MVP2\MVP2\DETRAF-UNIFICADO\unificado\rpa1_captura\main.py", line 94, in main
    run(pasta_entrada=recorte.pasta_entrada, etapa=recorte.etapa, diagnostico=diagnostico)
    │                 │       │                    │       │                  └ <comum.config.diagnostico_execucao.DiagnosticoDeExecucao object at 0x000001A9CDEB5D30>
    │                 │       │                    │       └ None
    │                 │       │                    └ Argumentos(referencia=None, operadoras=[], etapa=None, pasta_entrada=None, de_pasta=None, dry_run=False, pausar=False)
    │                 │       └ None
    │                 └ Argumentos(referencia=None, operadoras=[], etapa=None, pasta_entrada=None, de_pasta=None, dry_run=False, pausar=False)
    └ <function run at 0x000001A9CDF0AAC0>

  File "C:\RPA\Dtraf\MVP2\MVP2\DETRAF-UNIFICADO\unificado\rpa1_captura\src\main\process_handle.py", line 34, in run
    controller.processar(
    │          └ <function ProcessamentoController.processar at 0x000001A9E7A67B00>
    └ <src.controllers.processamento_controller.ProcessamentoController object at 0x000001A9E79E0D70>

  File "C:\RPA\Dtraf\MVP2\MVP2\DETRAF-UNIFICADO\unificado\rpa1_captura\src\controllers\processamento_controller.py", line 104, in processar
    arquivos = self._outlook.capturar_arquivos()
               │    └ <property object at 0x000001A9CDF10360>
               └ <src.controllers.processamento_controller.ProcessamentoController object at 0x000001A9E79E0D70>

  File "C:\RPA\Dtraf\MVP2\MVP2\DETRAF-UNIFICADO\unificado\rpa1_captura\src\controllers\outlook_controller.py", line 59, in capturar_arquivos
    emails = outlook.fetch_emails_from_folder(self._config.detraf_despesas_folder)
             │       │                        │    │       └ 'Detraf Despesas'
             │       │                        │    └ OutlookConfig(account='detrafTBRA.br@telefonica.com', detraf_despesas_folder='Detraf Despesas', processados_folder='PROCESSAD...
             │       │                        └ <src.controllers.outlook_controller.OutlookController object at 0x000001A9E79E16A0>
             │       └ <function OutlookService.fetch_emails_from_folder at 0x000001A9CE9AEAC0>
             └ <comum.integracoes.outlook.OutlookService object at 0x000001A9E79E1A90>

  File "C:\RPA\Dtraf\MVP2\MVP2\DETRAF-UNIFICADO\unificado\comum\integracoes\outlook.py", line 118, in fetch_emails_from_folder
    folder = self._get_or_create_top_level_folder(folder_name)
             │    │                               └ 'Detraf Despesas'
             │    └ <function OutlookService._get_or_create_top_level_folder at 0x000001A9CE9AEFC0>
             └ <comum.integracoes.outlook.OutlookService object at 0x000001A9E79E1A90>

  File "C:\RPA\Dtraf\MVP2\MVP2\DETRAF-UNIFICADO\unificado\comum\integracoes\outlook.py", line 388, in _get_or_create_top_level_folder
    raise OutlookError(
          └ <class 'comum.integracoes.outlook.OutlookError'>

comum.integracoes.outlook.OutlookError: Não foi possível acessar a conta 'detrafTBRA.br@telefonica.com' para localizar 'Detraf Despesas'.
2026-08-12 11:24:37.753 | INFO    |__main__:main:110 - [Diagnóstico] Etapas desta execução em [C:\RPA\Dtraf\MVP2\MVP2\DETRAF-UNIFICADO\unificado\logs\NALPE0881WP\rpa1_captura\diagnosticos\2026-08-12_11-24-35.txt].
2026-08-12 11:24:37.754 | INFO    |__main__:<module>:118 - [RPA 1] Diagnóstico das etapas em [C:\RPA\Dtraf\MVP2\MVP2\DETRAF-UNIFICADO\unificado\logs\NALPE0881WP\rpa1_captura\diagnosticos\2026-08-12_11-24-35.txt]
